sufian
